INFO:__main__:2025.11.08.14.54.16: RE: 3N_4S (loc 0)
INFO:__main__:2025.11.08.15.03.27: RE: 3N_4S (loc 0)
INFO:__main__:2025.11.08.15.05.45: RE: 3N_4S (loc 0)
INFO:__main__:2025.11.08.15.07.31: RE: 3N_4S (loc 0)
INFO:__main__:2025.11.08.15.13.10: RE: 3N_4S (loc 0)
INFO:__main__:2025.11.08.16.01.40: RE: 3N_4S (loc 0)
INFO:__main__:2025.11.08.16.03.48: .oct file found at C:\FDML_data\2025.11.08_16.03.48_MB_cwORG_3N4S_rep1-LEDflash4.2_876td-tacq.oct, eccentricity written to C:\FDML_data\2025.11.08_16.03.48_MB_cwORG_3N4S_rep1-LEDflash4.2_876td-tacq_3N_4S.looky
INFO:__main__:2025.11.08.16.03.48: Auto-advance to 3N_4S
INFO:__main__:2025.11.08.16.06.22: RE: 3N_4S (loc 0)
INFO:__main__:2025.11.08.16.06.32: .oct file found at C:\FDML_data\2025.11.08_16.06.32_MB3N4S-rep1-tacq.oct, eccentricity written to C:\FDML_data\2025.11.08_16.06.32_MB3N4S-rep1-tacq_3N_4S.looky
INFO:__main__:2025.11.08.16.06.32: Auto-advance to 3N_4S
INFO:__main__:2025.11.08.16.09.49: .oct file found at C:\FDML_data\2025.11.08_16.09.49_rep1-tacq.oct, eccentricity written to C:\FDML_data\2025.11.08_16.09.49_rep1-tacq_3N_4S.looky
INFO:__main__:2025.11.08.16.09.49: Auto-advance to 3N_4S
INFO:__main__:2025.11.08.16.12.55: .oct file found at C:\FDML_data\2025.11.08_16.12.55_rep1-tacq.oct, eccentricity written to C:\FDML_data\2025.11.08_16.12.55_rep1-tacq_3N_4S.looky
INFO:__main__:2025.11.08.16.12.55: Auto-advance to 3N_4S
INFO:__main__:2025.11.08.16.13.56: .oct file found at C:\FDML_data\2025.11.08_16.13.56_rep1-tacq.oct, eccentricity written to C:\FDML_data\2025.11.08_16.13.56_rep1-tacq_3N_4S.looky
INFO:__main__:2025.11.08.16.13.56: Auto-advance to 3N_4S
INFO:__main__:2025.11.08.16.14.46: .oct file found at C:\FDML_data\2025.11.08_16.14.46_rep1-tacq.oct, eccentricity written to C:\FDML_data\2025.11.08_16.14.46_rep1-tacq_3N_4S.looky
INFO:__main__:2025.11.08.16.14.46: Auto-advance to 3N_4S
INFO:__main__:2025.11.08.16.15.26: RE: 3N_4S (loc 0)
INFO:__main__:2025.11.08.16.15.49: .oct file found at C:\FDML_data\2025.11.08_16.15.49_rep1-tacq.oct, eccentricity written to C:\FDML_data\2025.11.08_16.15.49_rep1-tacq_3N_4S.looky
INFO:__main__:2025.11.08.16.15.49: Auto-advance to 3N_4S
INFO:__main__:2025.11.08.16.16.19: .oct file found at C:\FDML_data\2025.11.08_16.16.19_rep1-tacq.oct, eccentricity written to C:\FDML_data\2025.11.08_16.16.19_rep1-tacq_3N_4S.looky
INFO:__main__:2025.11.08.16.16.19: Auto-advance to 3N_4S
INFO:__main__:2025.11.08.16.19.19: .oct file found at C:\FDML_data\2025.11.08_16.19.19_rep1-tacq.oct, eccentricity written to C:\FDML_data\2025.11.08_16.19.19_rep1-tacq_3N_4S.looky
INFO:__main__:2025.11.08.16.19.19: Auto-advance to 3N_4S
INFO:__main__:2025.11.08.16.21.51: .oct file found at C:\FDML_data\2025.11.08_16.21.51_rep1-tacq.oct, eccentricity written to C:\FDML_data\2025.11.08_16.21.51_rep1-tacq_3N_4S.looky
INFO:__main__:2025.11.08.16.21.51: Auto-advance to 3N_4S
INFO:__main__:2025.11.08.16.25.07: RE: 3N_4S (loc 0)
INFO:__main__:2025.11.08.16.26.01: RE: 3N_4S (loc 0)
INFO:__main__:2025.11.08.16.27.09: .oct file found at C:\FDML_data\2025.11.08_16.27.09_rep1-tacq.oct, eccentricity written to C:\FDML_data\2025.11.08_16.27.09_rep1-tacq_3N_4S.looky
INFO:__main__:2025.11.08.16.27.09: Auto-advance to 3N_4S
INFO:__main__:2025.11.08.16.28.12: .oct file found at C:\FDML_data\2025.11.08_16.28.12_rep1-tacq.oct, eccentricity written to C:\FDML_data\2025.11.08_16.28.12_rep1-tacq_3N_4S.looky
INFO:__main__:2025.11.08.16.28.12: Auto-advance to 3N_4S
INFO:__main__:2025.11.08.16.33.03: RE: 3N_4S (loc 0)
INFO:__main__:2025.11.08.16.33.34: .oct file found at C:\FDML_data\2025.11.08_16.33.34_rep1-tacq.oct, eccentricity written to C:\FDML_data\2025.11.08_16.33.34_rep1-tacq_3N_4S.looky
INFO:__main__:2025.11.08.16.33.34: Auto-advance to 3N_4S
INFO:__main__:2025.11.08.16.33.57: .oct file found at C:\FDML_data\2025.11.08_16.33.57_rep1-tacq.oct, eccentricity written to C:\FDML_data\2025.11.08_16.33.57_rep1-tacq_3N_4S.looky
INFO:__main__:2025.11.08.16.33.57: Auto-advance to 3N_4S
INFO:__main__:2025.11.08.16.34.34: .oct file found at C:\FDML_data\2025.11.08_16.34.34_rep1-tacq.oct, eccentricity written to C:\FDML_data\2025.11.08_16.34.34_rep1-tacq_3N_4S.looky
INFO:__main__:2025.11.08.16.34.34: Auto-advance to 3N_4S
INFO:__main__:2025.11.08.16.36.07: RE: 3N_4S (loc 0)
INFO:__main__:2025.11.08.16.36.19: .oct file found at C:\FDML_data\2025.11.08_16.36.19_rep1-tacq.oct, eccentricity written to C:\FDML_data\2025.11.08_16.36.19_rep1-tacq_3N_4S.looky
INFO:__main__:2025.11.08.16.36.19: Auto-advance to 3N_4S
INFO:__main__:2025.11.08.16.41.07: RE: 3N_4S (loc 0)
INFO:__main__:2025.11.08.16.41.25: .oct file found at C:\FDML_data\2025.11.08_16.41.25_rep1-tacq.oct, eccentricity written to C:\FDML_data\2025.11.08_16.41.25_rep1-tacq_3N_4S.looky
INFO:__main__:2025.11.08.16.41.25: Auto-advance to 3N_4S
INFO:__main__:2025.11.08.16.41.36: .oct file found at C:\FDML_data\2025.11.08_16.41.36_rep1-tacq.oct, eccentricity written to C:\FDML_data\2025.11.08_16.41.36_rep1-tacq_3N_4S.looky
INFO:__main__:2025.11.08.16.41.36: Auto-advance to 3N_4S
INFO:__main__:2025.11.08.16.42.28: .oct file found at C:\FDML_data\2025.11.08_16.42.28_rep1-tacq.oct, eccentricity written to C:\FDML_data\2025.11.08_16.42.28_rep1-tacq_3N_4S.looky
INFO:__main__:2025.11.08.16.42.28: Auto-advance to 3N_4S
INFO:__main__:2025.11.08.16.44.20: .oct file found at C:\FDML_data\2025.11.08_16.44.20_rep1-tacq.oct, eccentricity written to C:\FDML_data\2025.11.08_16.44.20_rep1-tacq_3N_4S.looky
INFO:__main__:2025.11.08.16.44.20: Auto-advance to 3N_4S
INFO:__main__:2025.11.08.16.46.58: .oct file found at C:\FDML_data\2025.11.08_16.46.58_rep1-tacq.oct, eccentricity written to C:\FDML_data\2025.11.08_16.46.58_rep1-tacq_3N_4S.looky
INFO:__main__:2025.11.08.16.46.58: Auto-advance to 3N_4S
INFO:__main__:2025.11.08.16.50.26: .oct file found at C:\FDML_data\2025.11.08_16.50.26_rep1-tacq.oct, eccentricity written to C:\FDML_data\2025.11.08_16.50.26_rep1-tacq_3N_4S.looky
INFO:__main__:2025.11.08.16.50.26: Auto-advance to 3N_4S
INFO:__main__:2025.11.08.16.50.38: .oct file found at C:\FDML_data\2025.11.08_16.50.38_rep1-tacq.oct, eccentricity written to C:\FDML_data\2025.11.08_16.50.38_rep1-tacq_3N_4S.looky
INFO:__main__:2025.11.08.16.50.38: Auto-advance to 3N_4S
INFO:__main__:2025.11.08.16.52.35: .oct file found at C:\FDML_data\2025.11.08_16.52.35_rep1-tacq.oct, eccentricity written to C:\FDML_data\2025.11.08_16.52.35_rep1-tacq_3N_4S.looky
INFO:__main__:2025.11.08.16.52.35: Auto-advance to 3N_4S
INFO:__main__:2025.11.08.16.53.12: .oct file found at C:\FDML_data\2025.11.08_16.53.12_rep1-tacq.oct, eccentricity written to C:\FDML_data\2025.11.08_16.53.12_rep1-tacq_3N_4S.looky
INFO:__main__:2025.11.08.16.53.12: Auto-advance to 3N_4S
INFO:__main__:2025.11.08.16.53.53: .oct file found at C:\FDML_data\2025.11.08_16.53.53_rep1-tacq.oct, eccentricity written to C:\FDML_data\2025.11.08_16.53.53_rep1-tacq_3N_4S.looky
INFO:__main__:2025.11.08.16.53.53: Auto-advance to 3N_4S
INFO:__main__:2025.11.08.16.54.24: .oct file found at C:\FDML_data\2025.11.08_16.54.24_rep1-tacq.oct, eccentricity written to C:\FDML_data\2025.11.08_16.54.24_rep1-tacq_3N_4S.looky
INFO:__main__:2025.11.08.16.54.24: Auto-advance to 3N_4S
INFO:__main__:2025.11.08.16.56.01: .oct file found at C:\FDML_data\2025.11.08_16.56.01_rep1-tacq.oct, eccentricity written to C:\FDML_data\2025.11.08_16.56.01_rep1-tacq_3N_4S.looky
INFO:__main__:2025.11.08.16.56.01: Auto-advance to 3N_4S
INFO:__main__:2025.11.08.16.56.37: .oct file found at C:\FDML_data\2025.11.08_16.56.37_rep1-tacq.oct, eccentricity written to C:\FDML_data\2025.11.08_16.56.37_rep1-tacq_3N_4S.looky
INFO:__main__:2025.11.08.16.56.37: Auto-advance to 3N_4S
INFO:__main__:2025.11.08.16.57.08: .oct file found at C:\FDML_data\2025.11.08_16.57.08_rep1-tacq.oct, eccentricity written to C:\FDML_data\2025.11.08_16.57.08_rep1-tacq_3N_4S.looky
INFO:__main__:2025.11.08.16.57.08: Auto-advance to 3N_4S
INFO:__main__:2025.11.08.16.57.54: .oct file found at C:\FDML_data\2025.11.08_16.57.54_rep1-tacq.oct, eccentricity written to C:\FDML_data\2025.11.08_16.57.54_rep1-tacq_3N_4S.looky
INFO:__main__:2025.11.08.16.57.54: Auto-advance to 3N_4S
INFO:__main__:2025.11.08.16.58.23: .oct file found at C:\FDML_data\2025.11.08_16.58.23_rep1-tacq.oct, eccentricity written to C:\FDML_data\2025.11.08_16.58.23_rep1-tacq_3N_4S.looky
INFO:__main__:2025.11.08.16.58.23: Auto-advance to 3N_4S
INFO:__main__:2025.11.08.16.59.01: .oct file found at C:\FDML_data\2025.11.08_16.59.01_rep1-tacq.oct, eccentricity written to C:\FDML_data\2025.11.08_16.59.01_rep1-tacq_3N_4S.looky
INFO:__main__:2025.11.08.16.59.01: Auto-advance to 3N_4S
INFO:__main__:2025.11.08.16.59.28: .oct file found at C:\FDML_data\2025.11.08_16.59.28_rep1-tacq.oct, eccentricity written to C:\FDML_data\2025.11.08_16.59.28_rep1-tacq_3N_4S.looky
INFO:__main__:2025.11.08.16.59.28: Auto-advance to 3N_4S
INFO:__main__:2025.11.08.16.59.47: .oct file found at C:\FDML_data\2025.11.08_16.59.47_rep1-tacq.oct, eccentricity written to C:\FDML_data\2025.11.08_16.59.47_rep1-tacq_3N_4S.looky
INFO:__main__:2025.11.08.16.59.47: Auto-advance to 3N_4S
INFO:__main__:2025.11.08.17.01.16: .oct file found at C:\FDML_data\2025.11.08_17.01.16_rep1-tacq.oct, eccentricity written to C:\FDML_data\2025.11.08_17.01.16_rep1-tacq_3N_4S.looky
INFO:__main__:2025.11.08.17.01.16: Auto-advance to 3N_4S
INFO:__main__:2025.11.08.20.08.23: RE: 3N_4S (loc 0)
INFO:__main__:2025.11.08.20.11.09: RE: 3N_4S (loc 0)
INFO:__main__:2025.11.08.20.11.50: RE: 3N_4S (loc 0)
INFO:__main__:2025.11.08.20.11.57: RE: 2N_2S (loc 1)
INFO:__main__:2025.11.08.20.11.59: RE: 5N_5S (loc 2)
INFO:__main__:2025.11.08.20.12.03: RE: 3N_4S (loc 0)
INFO:__main__:2025.11.08.20.12.05: RE: 2N_2S (loc 1)
INFO:__main__:2025.11.08.20.12.09: RE: 5N_5S (loc 2)
INFO:__main__:2025.11.08.20.14.00: RE: 3N_4S (loc 0)
